00:00 +0: loading C:/dev/mealtrack/test/features/sharing/presentation/widgets/join_section_test.dart
00:00 +0: JoinSection renders correctly
ÔòÉÔòÉÔòí EXCEPTION CAUGHT BY FLUTTER TEST FRAMEWORK Ôò×ÔòÉÔòÉÔòÉÔòÉÔòÉÔòÉÔòÉÔòÉÔòÉÔòÉÔòÉÔòÉÔòÉÔòÉÔòÉÔòÉÔòÉÔòÉÔòÉÔòÉÔòÉÔòÉÔòÉÔòÉÔòÉÔòÉÔòÉÔòÉÔòÉÔòÉÔòÉÔòÉÔòÉÔòÉÔòÉÔòÉÔòÉÔòÉÔòÉÔòÉÔòÉÔòÉÔòÉÔòÉÔòÉÔòÉÔòÉÔòÉÔòÉÔòÉÔòÉÔòÉ
The following StateError was thrown running a test:
Bad state: Tried to use a notifier in an uninitialized state.
This means that you tried to either:
- Use ref/state inside the constructor of a notifier.
  In this case you should move your logic inside the "build" method instead.
- Use ref/state after the notifier was disposed.
  In this case, consider using `ref.onDispose` earlier in your notifier's lifecycle
  to abort any pending logic that could try to use `ref/state`.

When the exception was thrown, this was the stack:
#0      ClassBaseX.$ref (package:riverpod/src/core/provider/notifier_provider.dart:369:22)
#1      AnyNotifier.state= (package:riverpod/src/core/provider/notifier_provider.dart:90:17)
#2      MockSharingViewModel.setState (file:///C:/dev/mealtrack/test/features/sharing/presentation/widgets/join_section_test.dart:19:5)
#3      main.<anonymous closure>.<anonymous closure> (file:///C:/dev/mealtrack/test/features/sharing/presentation/widgets/join_section_test.dart:55:28)
#4      testWidgets.<anonymous closure>.<anonymous closure> (package:flutter_test/src/widget_tester.dart:192:29)
<asynchronous suspension>
#5      TestWidgetsFlutterBinding._runTestBody (package:flutter_test/src/binding.dart:1059:5)
<asynchronous suspension>
<asynchronous suspension>
(elided one frame from package:stack_trace)

The test description was:
  renders correctly
ÔòÉÔòÉÔòÉÔòÉÔòÉÔòÉÔòÉÔòÉÔòÉÔòÉÔòÉÔòÉÔòÉÔòÉÔòÉÔòÉÔòÉÔòÉÔòÉÔòÉÔòÉÔòÉÔòÉÔòÉÔòÉÔòÉÔòÉÔòÉÔòÉÔòÉÔòÉÔòÉÔòÉÔòÉÔòÉÔòÉÔòÉÔòÉÔòÉÔòÉÔòÉÔòÉÔòÉÔòÉÔòÉÔòÉÔòÉÔòÉÔòÉÔòÉÔòÉÔòÉÔòÉÔòÉÔòÉÔòÉÔòÉÔòÉÔòÉÔòÉÔòÉÔòÉÔòÉÔòÉÔòÉÔòÉÔòÉÔòÉÔòÉÔòÉÔòÉÔòÉÔòÉÔòÉÔòÉÔòÉÔòÉÔòÉÔòÉÔòÉÔòÉÔòÉÔòÉÔòÉÔòÉÔòÉÔòÉÔòÉÔòÉÔòÉÔòÉÔòÉÔòÉÔòÉÔòÉÔòÉÔòÉÔòÉÔòÉÔòÉ
00:00 +0 -1: JoinSection renders correctly [E]
  Test failed. See exception logs above.
  The test description was: renders correctly
  
00:00 +0 -1: JoinSection button is disabled when input is empty or invalid length
ÔòÉÔòÉÔòí EXCEPTION CAUGHT BY FLUTTER TEST FRAMEWORK Ôò×ÔòÉÔòÉÔòÉÔòÉÔòÉÔòÉÔòÉÔòÉÔòÉÔòÉÔòÉÔòÉÔòÉÔòÉÔòÉÔòÉÔòÉÔòÉÔòÉÔòÉÔòÉÔòÉÔòÉÔòÉÔòÉÔòÉÔòÉÔòÉÔòÉÔòÉÔòÉÔòÉÔòÉÔòÉÔòÉÔòÉÔòÉÔòÉÔòÉÔòÉÔòÉÔòÉÔòÉÔòÉÔòÉÔòÉÔòÉÔòÉÔòÉÔòÉÔòÉÔòÉ
The following StateError was thrown running a test:
Bad state: Tried to use a notifier in an uninitialized state.
This means that you tried to either:
- Use ref/state inside the constructor of a notifier.
  In this case you should move your logic inside the "build" method instead.
- Use ref/state after the notifier was disposed.
  In this case, consider using `ref.onDispose` earlier in your notifier's lifecycle
  to abort any pending logic that could try to use `ref/state`.

When the exception was thrown, this was the stack:
#0      ClassBaseX.$ref (package:riverpod/src/core/provider/notifier_provider.dart:369:22)
#1      AnyNotifier.state= (package:riverpod/src/core/provider/notifier_provider.dart:90:17)
#2      MockSharingViewModel.setState (file:///C:/dev/mealtrack/test/features/sharing/presentation/widgets/join_section_test.dart:19:5)
#3      main.<anonymous closure>.<anonymous closure> (file:///C:/dev/mealtrack/test/features/sharing/presentation/widgets/join_section_test.dart:69:28)
#4      testWidgets.<anonymous closure>.<anonymous closure> (package:flutter_test/src/widget_tester.dart:192:29)
<asynchronous suspension>
#5      TestWidgetsFlutterBinding._runTestBody (package:flutter_test/src/binding.dart:1059:5)
<asynchronous suspension>
<asynchronous suspension>
(elided one frame from package:stack_trace)

The test description was:
  button is disabled when input is empty or invalid length
ÔòÉÔòÉÔòÉÔòÉÔòÉÔòÉÔòÉÔòÉÔòÉÔòÉÔòÉÔòÉÔòÉÔòÉÔòÉÔòÉÔòÉÔòÉÔòÉÔòÉÔòÉÔòÉÔòÉÔòÉÔòÉÔòÉÔòÉÔòÉÔòÉÔòÉÔòÉÔòÉÔòÉÔòÉÔòÉÔòÉÔòÉÔòÉÔòÉÔòÉÔòÉÔòÉÔòÉÔòÉÔòÉÔòÉÔòÉÔòÉÔòÉÔòÉÔòÉÔòÉÔòÉÔòÉÔòÉÔòÉÔòÉÔòÉÔòÉÔòÉÔòÉÔòÉÔòÉÔòÉÔòÉÔòÉÔòÉÔòÉÔòÉÔòÉÔòÉÔòÉÔòÉÔòÉÔòÉÔòÉÔòÉÔòÉÔòÉÔòÉÔòÉÔòÉÔòÉÔòÉÔòÉÔòÉÔòÉÔòÉÔòÉÔòÉÔòÉÔòÉÔòÉÔòÉÔòÉÔòÉÔòÉÔòÉÔòÉÔòÉ
00:00 +0 -2: JoinSection button is disabled when input is empty or invalid length [E]
  Test failed. See exception logs above.
  The test description was: button is disabled when input is empty or invalid length
  
00:00 +0 -2: JoinSection button is enabled when input has 6 digits
ÔòÉÔòÉÔòí EXCEPTION CAUGHT BY FLUTTER TEST FRAMEWORK Ôò×ÔòÉÔòÉÔòÉÔòÉÔòÉÔòÉÔòÉÔòÉÔòÉÔòÉÔòÉÔòÉÔòÉÔòÉÔòÉÔòÉÔòÉÔòÉÔòÉÔòÉÔòÉÔòÉÔòÉÔòÉÔòÉÔòÉÔòÉÔòÉÔòÉÔòÉÔòÉÔòÉÔòÉÔòÉÔòÉÔòÉÔòÉÔòÉÔòÉÔòÉÔòÉÔòÉÔòÉÔòÉÔòÉÔòÉÔòÉÔòÉÔòÉÔòÉÔòÉÔòÉ
The following StateError was thrown running a test:
Bad state: Tried to use a notifier in an uninitialized state.
This means that you tried to either:
- Use ref/state inside the constructor of a notifier.
  In this case you should move your logic inside the "build" method instead.
- Use ref/state after the notifier was disposed.
  In this case, consider using `ref.onDispose` earlier in your notifier's lifecycle
  to abort any pending logic that could try to use `ref/state`.

When the exception was thrown, this was the stack:
#0      ClassBaseX.$ref (package:riverpod/src/core/provider/notifier_provider.dart:369:22)
#1      AnyNotifier.state= (package:riverpod/src/core/provider/notifier_provider.dart:90:17)
#2      MockSharingViewModel.setState (file:///C:/dev/mealtrack/test/features/sharing/presentation/widgets/join_section_test.dart:19:5)
#3      main.<anonymous closure>.<anonymous closure> (file:///C:/dev/mealtrack/test/features/sharing/presentation/widgets/join_section_test.dart:86:28)
#4      testWidgets.<anonymous closure>.<anonymous closure> (package:flutter_test/src/widget_tester.dart:192:29)
<asynchronous suspension>
#5      TestWidgetsFlutterBinding._runTestBody (package:flutter_test/src/binding.dart:1059:5)
<asynchronous suspension>
<asynchronous suspension>
(elided one frame from package:stack_trace)

The test description was:
  button is enabled when input has 6 digits
ÔòÉÔòÉÔòÉÔòÉÔòÉÔòÉÔòÉÔòÉÔòÉÔòÉÔòÉÔòÉÔòÉÔòÉÔòÉÔòÉÔòÉÔòÉÔòÉÔòÉÔòÉÔòÉÔòÉÔòÉÔòÉÔòÉÔòÉÔòÉÔòÉÔòÉÔòÉÔòÉÔòÉÔòÉÔòÉÔòÉÔòÉÔòÉÔòÉÔòÉÔòÉÔòÉÔòÉÔòÉÔòÉÔòÉÔòÉÔòÉÔòÉÔòÉÔòÉÔòÉÔòÉÔòÉÔòÉÔòÉÔòÉÔòÉÔòÉÔòÉÔòÉÔòÉÔòÉÔòÉÔòÉÔòÉÔòÉÔòÉÔòÉÔòÉÔòÉÔòÉÔòÉÔòÉÔòÉÔòÉÔòÉÔòÉÔòÉÔòÉÔòÉÔòÉÔòÉÔòÉÔòÉÔòÉÔòÉÔòÉÔòÉÔòÉÔòÉÔòÉÔòÉÔòÉÔòÉÔòÉÔòÉÔòÉÔòÉÔòÉ
00:00 +0 -3: JoinSection button is enabled when input has 6 digits [E]
  Test failed. See exception logs above.
  The test description was: button is enabled when input has 6 digits
  
00:00 +0 -3: JoinSection calls joinHousehold when button is tapped with valid code
ÔòÉÔòÉÔòí EXCEPTION CAUGHT BY FLUTTER TEST FRAMEWORK Ôò×ÔòÉÔòÉÔòÉÔòÉÔòÉÔòÉÔòÉÔòÉÔòÉÔòÉÔòÉÔòÉÔòÉÔòÉÔòÉÔòÉÔòÉÔòÉÔòÉÔòÉÔòÉÔòÉÔòÉÔòÉÔòÉÔòÉÔòÉÔòÉÔòÉÔòÉÔòÉÔòÉÔòÉÔòÉÔòÉÔòÉÔòÉÔòÉÔòÉÔòÉÔòÉÔòÉÔòÉÔòÉÔòÉÔòÉÔòÉÔòÉÔòÉÔòÉÔòÉÔòÉ
The following StateError was thrown running a test:
Bad state: Tried to use a notifier in an uninitialized state.
This means that you tried to either:
- Use ref/state inside the constructor of a notifier.
  In this case you should move your logic inside the "build" method instead.
- Use ref/state after the notifier was disposed.
  In this case, consider using `ref.onDispose` earlier in your notifier's lifecycle
  to abort any pending logic that could try to use `ref/state`.

When the exception was thrown, this was the stack:
#0      ClassBaseX.$ref (package:riverpod/src/core/provider/notifier_provider.dart:369:22)
#1      AnyNotifier.state= (package:riverpod/src/core/provider/notifier_provider.dart:90:17)
#2      MockSharingViewModel.setState (file:///C:/dev/mealtrack/test/features/sharing/presentation/widgets/join_section_test.dart:19:5)
#3      main.<anonymous closure>.<anonymous closure> (file:///C:/dev/mealtrack/test/features/sharing/presentation/widgets/join_section_test.dart:100:28)
#4      testWidgets.<anonymous closure>.<anonymous closure> (package:flutter_test/src/widget_tester.dart:192:29)
<asynchronous suspension>
#5      TestWidgetsFlutterBinding._runTestBody (package:flutter_test/src/binding.dart:1059:5)
<asynchronous suspension>
<asynchronous suspension>
(elided one frame from package:stack_trace)

The test description was:
  calls joinHousehold when button is tapped with valid code
ÔòÉÔòÉÔòÉÔòÉÔòÉÔòÉÔòÉÔòÉÔòÉÔòÉÔòÉÔòÉÔòÉÔòÉÔòÉÔòÉÔòÉÔòÉÔòÉÔòÉÔòÉÔòÉÔòÉÔòÉÔòÉÔòÉÔòÉÔòÉÔòÉÔòÉÔòÉÔòÉÔòÉÔòÉÔòÉÔòÉÔòÉÔòÉÔòÉÔòÉÔòÉÔòÉÔòÉÔòÉÔòÉÔòÉÔòÉÔòÉÔòÉÔòÉÔòÉÔòÉÔòÉÔòÉÔòÉÔòÉÔòÉÔòÉÔòÉÔòÉÔòÉÔòÉÔòÉÔòÉÔòÉÔòÉÔòÉÔòÉÔòÉÔòÉÔòÉÔòÉÔòÉÔòÉÔòÉÔòÉÔòÉÔòÉÔòÉÔòÉÔòÉÔòÉÔòÉÔòÉÔòÉÔòÉÔòÉÔòÉÔòÉÔòÉÔòÉÔòÉÔòÉÔòÉÔòÉÔòÉÔòÉÔòÉÔòÉÔòÉ
00:00 +0 -4: JoinSection calls joinHousehold when button is tapped with valid code [E]
  Test failed. See exception logs above.
  The test description was: calls joinHousehold when button is tapped with valid code
  
00:00 +0 -4: JoinSection shows loading indicator when isLoading is true
ÔòÉÔòÉÔòí EXCEPTION CAUGHT BY FLUTTER TEST FRAMEWORK Ôò×ÔòÉÔòÉÔòÉÔòÉÔòÉÔòÉÔòÉÔòÉÔòÉÔòÉÔòÉÔòÉÔòÉÔòÉÔòÉÔòÉÔòÉÔòÉÔòÉÔòÉÔòÉÔòÉÔòÉÔòÉÔòÉÔòÉÔòÉÔòÉÔòÉÔòÉÔòÉÔòÉÔòÉÔòÉÔòÉÔòÉÔòÉÔòÉÔòÉÔòÉÔòÉÔòÉÔòÉÔòÉÔòÉÔòÉÔòÉÔòÉÔòÉÔòÉÔòÉÔòÉ
The following StateError was thrown running a test:
Bad state: Tried to use a notifier in an uninitialized state.
This means that you tried to either:
- Use ref/state inside the constructor of a notifier.
  In this case you should move your logic inside the "build" method instead.
- Use ref/state after the notifier was disposed.
  In this case, consider using `ref.onDispose` earlier in your notifier's lifecycle
  to abort any pending logic that could try to use `ref/state`.

When the exception was thrown, this was the stack:
#0      ClassBaseX.$ref (package:riverpod/src/core/provider/notifier_provider.dart:369:22)
#1      AnyNotifier.state= (package:riverpod/src/core/provider/notifier_provider.dart:90:17)
#2      MockSharingViewModel.setState (file:///C:/dev/mealtrack/test/features/sharing/presentation/widgets/join_section_test.dart:19:5)
#3      main.<anonymous closure>.<anonymous closure> (file:///C:/dev/mealtrack/test/features/sharing/presentation/widgets/join_section_test.dart:119:28)
#4      testWidgets.<anonymous closure>.<anonymous closure> (package:flutter_test/src/widget_tester.dart:192:29)
<asynchronous suspension>
#5      TestWidgetsFlutterBinding._runTestBody (package:flutter_test/src/binding.dart:1059:5)
<asynchronous suspension>
<asynchronous suspension>
(elided one frame from package:stack_trace)

The test description was:
  shows loading indicator when isLoading is true
ÔòÉÔòÉÔòÉÔòÉÔòÉÔòÉÔòÉÔòÉÔòÉÔòÉÔòÉÔòÉÔòÉÔòÉÔòÉÔòÉÔòÉÔòÉÔòÉÔòÉÔòÉÔòÉÔòÉÔòÉÔòÉÔòÉÔòÉÔòÉÔòÉÔòÉÔòÉÔòÉÔòÉÔòÉÔòÉÔòÉÔòÉÔòÉÔòÉÔòÉÔòÉÔòÉÔòÉÔòÉÔòÉÔòÉÔòÉÔòÉÔòÉÔòÉÔòÉÔòÉÔòÉÔòÉÔòÉÔòÉÔòÉÔòÉÔòÉÔòÉÔòÉÔòÉÔòÉÔòÉÔòÉÔòÉÔòÉÔòÉÔòÉÔòÉÔòÉÔòÉÔòÉÔòÉÔòÉÔòÉÔòÉÔòÉÔòÉÔòÉÔòÉÔòÉÔòÉÔòÉÔòÉÔòÉÔòÉÔòÉÔòÉÔòÉÔòÉÔòÉÔòÉÔòÉÔòÉÔòÉÔòÉÔòÉÔòÉÔòÉ
00:00 +0 -5: JoinSection shows loading indicator when isLoading is true [E]
  Test failed. See exception logs above.
  The test description was: shows loading indicator when isLoading is true
  
00:00 +0 -5: JoinSection shows success snackbar and clears input on success
ÔòÉÔòÉÔòí EXCEPTION CAUGHT BY FLUTTER TEST FRAMEWORK Ôò×ÔòÉÔòÉÔòÉÔòÉÔòÉÔòÉÔòÉÔòÉÔòÉÔòÉÔòÉÔòÉÔòÉÔòÉÔòÉÔòÉÔòÉÔòÉÔòÉÔòÉÔòÉÔòÉÔòÉÔòÉÔòÉÔòÉÔòÉÔòÉÔòÉÔòÉÔòÉÔòÉÔòÉÔòÉÔòÉÔòÉÔòÉÔòÉÔòÉÔòÉÔòÉÔòÉÔòÉÔòÉÔòÉÔòÉÔòÉÔòÉÔòÉÔòÉÔòÉÔòÉ
The following StateError was thrown running a test:
Bad state: Tried to use a notifier in an uninitialized state.
This means that you tried to either:
- Use ref/state inside the constructor of a notifier.
  In this case you should move your logic inside the "build" method instead.
- Use ref/state after the notifier was disposed.
  In this case, consider using `ref.onDispose` earlier in your notifier's lifecycle
  to abort any pending logic that could try to use `ref/state`.

When the exception was thrown, this was the stack:
#0      ClassBaseX.$ref (package:riverpod/src/core/provider/notifier_provider.dart:369:22)
#1      AnyNotifier.state= (package:riverpod/src/core/provider/notifier_provider.dart:90:17)
#2      MockSharingViewModel.setState (file:///C:/dev/mealtrack/test/features/sharing/presentation/widgets/join_section_test.dart:19:5)
#3      main.<anonymous closure>.<anonymous closure> (file:///C:/dev/mealtrack/test/features/sharing/presentation/widgets/join_section_test.dart:135:28)
#4      testWidgets.<anonymous closure>.<anonymous closure> (package:flutter_test/src/widget_tester.dart:192:29)
<asynchronous suspension>
#5      TestWidgetsFlutterBinding._runTestBody (package:flutter_test/src/binding.dart:1059:5)
<asynchronous suspension>
<asynchronous suspension>
(elided one frame from package:stack_trace)

The test description was:
  shows success snackbar and clears input on success
ÔòÉÔòÉÔòÉÔòÉÔòÉÔòÉÔòÉÔòÉÔòÉÔòÉÔòÉÔòÉÔòÉÔòÉÔòÉÔòÉÔòÉÔòÉÔòÉÔòÉÔòÉÔòÉÔòÉÔòÉÔòÉÔòÉÔòÉÔòÉÔòÉÔòÉÔòÉÔòÉÔòÉÔòÉÔòÉÔòÉÔòÉÔòÉÔòÉÔòÉÔòÉÔòÉÔòÉÔòÉÔòÉÔòÉÔòÉÔòÉÔòÉÔòÉÔòÉÔòÉÔòÉÔòÉÔòÉÔòÉÔòÉÔòÉÔòÉÔòÉÔòÉÔòÉÔòÉÔòÉÔòÉÔòÉÔòÉÔòÉÔòÉÔòÉÔòÉÔòÉÔòÉÔòÉÔòÉÔòÉÔòÉÔòÉÔòÉÔòÉÔòÉÔòÉÔòÉÔòÉÔòÉÔòÉÔòÉÔòÉÔòÉÔòÉÔòÉÔòÉÔòÉÔòÉÔòÉÔòÉÔòÉÔòÉÔòÉÔòÉ
00:00 +0 -6: JoinSection shows success snackbar and clears input on success [E]
  Test failed. See exception logs above.
  The test description was: shows success snackbar and clears input on success
  
00:00 +0 -6: JoinSection shows error snackbar for Code Expired
ÔòÉÔòÉÔòí EXCEPTION CAUGHT BY FLUTTER TEST FRAMEWORK Ôò×ÔòÉÔòÉÔòÉÔòÉÔòÉÔòÉÔòÉÔòÉÔòÉÔòÉÔòÉÔòÉÔòÉÔòÉÔòÉÔòÉÔòÉÔòÉÔòÉÔòÉÔòÉÔòÉÔòÉÔòÉÔòÉÔòÉÔòÉÔòÉÔòÉÔòÉÔòÉÔòÉÔòÉÔòÉÔòÉÔòÉÔòÉÔòÉÔòÉÔòÉÔòÉÔòÉÔòÉÔòÉÔòÉÔòÉÔòÉÔòÉÔòÉÔòÉÔòÉÔòÉ
The following StateError was thrown running a test:
Bad state: Tried to use a notifier in an uninitialized state.
This means that you tried to either:
- Use ref/state inside the constructor of a notifier.
  In this case you should move your logic inside the "build" method instead.
- Use ref/state after the notifier was disposed.
  In this case, consider using `ref.onDispose` earlier in your notifier's lifecycle
  to abort any pending logic that could try to use `ref/state`.

When the exception was thrown, this was the stack:
#0      ClassBaseX.$ref (package:riverpod/src/core/provider/notifier_provider.dart:369:22)
#1      AnyNotifier.state= (package:riverpod/src/core/provider/notifier_provider.dart:90:17)
#2      MockSharingViewModel.setState (file:///C:/dev/mealtrack/test/features/sharing/presentation/widgets/join_section_test.dart:19:5)
#3      main.<anonymous closure>.<anonymous closure> (file:///C:/dev/mealtrack/test/features/sharing/presentation/widgets/join_section_test.dart:162:28)
#4      testWidgets.<anonymous closure>.<anonymous closure> (package:flutter_test/src/widget_tester.dart:192:29)
<asynchronous suspension>
#5      TestWidgetsFlutterBinding._runTestBody (package:flutter_test/src/binding.dart:1059:5)
<asynchronous suspension>
<asynchronous suspension>
(elided one frame from package:stack_trace)

The test description was:
  shows error snackbar for Code Expired
ÔòÉÔòÉÔòÉÔòÉÔòÉÔòÉÔòÉÔòÉÔòÉÔòÉÔòÉÔòÉÔòÉÔòÉÔòÉÔòÉÔòÉÔòÉÔòÉÔòÉÔòÉÔòÉÔòÉÔòÉÔòÉÔòÉÔòÉÔòÉÔòÉÔòÉÔòÉÔòÉÔòÉÔòÉÔòÉÔòÉÔòÉÔòÉÔòÉÔòÉÔòÉÔòÉÔòÉÔòÉÔòÉÔòÉÔòÉÔòÉÔòÉÔòÉÔòÉÔòÉÔòÉÔòÉÔòÉÔòÉÔòÉÔòÉÔòÉÔòÉÔòÉÔòÉÔòÉÔòÉÔòÉÔòÉÔòÉÔòÉÔòÉÔòÉÔòÉÔòÉÔòÉÔòÉÔòÉÔòÉÔòÉÔòÉÔòÉÔòÉÔòÉÔòÉÔòÉÔòÉÔòÉÔòÉÔòÉÔòÉÔòÉÔòÉÔòÉÔòÉÔòÉÔòÉÔòÉÔòÉÔòÉÔòÉÔòÉÔòÉ
00:00 +0 -7: JoinSection shows error snackbar for Code Expired [E]
  Test failed. See exception logs above.
  The test description was: shows error snackbar for Code Expired
  
00:00 +0 -7: JoinSection shows error snackbar for Cannot Join Own Household
ÔòÉÔòÉÔòí EXCEPTION CAUGHT BY FLUTTER TEST FRAMEWORK Ôò×ÔòÉÔòÉÔòÉÔòÉÔòÉÔòÉÔòÉÔòÉÔòÉÔòÉÔòÉÔòÉÔòÉÔòÉÔòÉÔòÉÔòÉÔòÉÔòÉÔòÉÔòÉÔòÉÔòÉÔòÉÔòÉÔòÉÔòÉÔòÉÔòÉÔòÉÔòÉÔòÉÔòÉÔòÉÔòÉÔòÉÔòÉÔòÉÔòÉÔòÉÔòÉÔòÉÔòÉÔòÉÔòÉÔòÉÔòÉÔòÉÔòÉÔòÉÔòÉÔòÉ
The following StateError was thrown running a test:
Bad state: Tried to use a notifier in an uninitialized state.
This means that you tried to either:
- Use ref/state inside the constructor of a notifier.
  In this case you should move your logic inside the "build" method instead.
- Use ref/state after the notifier was disposed.
  In this case, consider using `ref.onDispose` earlier in your notifier's lifecycle
  to abort any pending logic that could try to use `ref/state`.

When the exception was thrown, this was the stack:
#0      ClassBaseX.$ref (package:riverpod/src/core/provider/notifier_provider.dart:369:22)
#1      AnyNotifier.state= (package:riverpod/src/core/provider/notifier_provider.dart:90:17)
#2      MockSharingViewModel.setState (file:///C:/dev/mealtrack/test/features/sharing/presentation/widgets/join_section_test.dart:19:5)
#3      main.<anonymous closure>.<anonymous closure> (file:///C:/dev/mealtrack/test/features/sharing/presentation/widgets/join_section_test.dart:180:28)
#4      testWidgets.<anonymous closure>.<anonymous closure> (package:flutter_test/src/widget_tester.dart:192:29)
<asynchronous suspension>
#5      TestWidgetsFlutterBinding._runTestBody (package:flutter_test/src/binding.dart:1059:5)
<asynchronous suspension>
<asynchronous suspension>
(elided one frame from package:stack_trace)

The test description was:
  shows error snackbar for Cannot Join Own Household
ÔòÉÔòÉÔòÉÔòÉÔòÉÔòÉÔòÉÔòÉÔòÉÔòÉÔòÉÔòÉÔòÉÔòÉÔòÉÔòÉÔòÉÔòÉÔòÉÔòÉÔòÉÔòÉÔòÉÔòÉÔòÉÔòÉÔòÉÔòÉÔòÉÔòÉÔòÉÔòÉÔòÉÔòÉÔòÉÔòÉÔòÉÔòÉÔòÉÔòÉÔòÉÔòÉÔòÉÔòÉÔòÉÔòÉÔòÉÔòÉÔòÉÔòÉÔòÉÔòÉÔòÉÔòÉÔòÉÔòÉÔòÉÔòÉÔòÉÔòÉÔòÉÔòÉÔòÉÔòÉÔòÉÔòÉÔòÉÔòÉÔòÉÔòÉÔòÉÔòÉÔòÉÔòÉÔòÉÔòÉÔòÉÔòÉÔòÉÔòÉÔòÉÔòÉÔòÉÔòÉÔòÉÔòÉÔòÉÔòÉÔòÉÔòÉÔòÉÔòÉÔòÉÔòÉÔòÉÔòÉÔòÉÔòÉÔòÉÔòÉ
00:00 +0 -8: JoinSection shows error snackbar for Cannot Join Own Household [E]
  Test failed. See exception logs above.
  The test description was: shows error snackbar for Cannot Join Own Household
  
00:00 +0 -8: JoinSection shows error snackbar for Generic Error
ÔòÉÔòÉÔòí EXCEPTION CAUGHT BY FLUTTER TEST FRAMEWORK Ôò×ÔòÉÔòÉÔòÉÔòÉÔòÉÔòÉÔòÉÔòÉÔòÉÔòÉÔòÉÔòÉÔòÉÔòÉÔòÉÔòÉÔòÉÔòÉÔòÉÔòÉÔòÉÔòÉÔòÉÔòÉÔòÉÔòÉÔòÉÔòÉÔòÉÔòÉÔòÉÔòÉÔòÉÔòÉÔòÉÔòÉÔòÉÔòÉÔòÉÔòÉÔòÉÔòÉÔòÉÔòÉÔòÉÔòÉÔòÉÔòÉÔòÉÔòÉÔòÉÔòÉ
The following StateError was thrown running a test:
Bad state: Tried to use a notifier in an uninitialized state.
This means that you tried to either:
- Use ref/state inside the constructor of a notifier.
  In this case you should move your logic inside the "build" method instead.
- Use ref/state after the notifier was disposed.
  In this case, consider using `ref.onDispose` earlier in your notifier's lifecycle
  to abort any pending logic that could try to use `ref/state`.

When the exception was thrown, this was the stack:
#0      ClassBaseX.$ref (package:riverpod/src/core/provider/notifier_provider.dart:369:22)
#1      AnyNotifier.state= (package:riverpod/src/core/provider/notifier_provider.dart:90:17)
#2      MockSharingViewModel.setState (file:///C:/dev/mealtrack/test/features/sharing/presentation/widgets/join_section_test.dart:19:5)
#3      main.<anonymous closure>.<anonymous closure> (file:///C:/dev/mealtrack/test/features/sharing/presentation/widgets/join_section_test.dart:198:28)
#4      testWidgets.<anonymous closure>.<anonymous closure> (package:flutter_test/src/widget_tester.dart:192:29)
<asynchronous suspension>
#5      TestWidgetsFlutterBinding._runTestBody (package:flutter_test/src/binding.dart:1059:5)
<asynchronous suspension>
<asynchronous suspension>
(elided one frame from package:stack_trace)

The test description was:
  shows error snackbar for Generic Error
ÔòÉÔòÉÔòÉÔòÉÔòÉÔòÉÔòÉÔòÉÔòÉÔòÉÔòÉÔòÉÔòÉÔòÉÔòÉÔòÉÔòÉÔòÉÔòÉÔòÉÔòÉÔòÉÔòÉÔòÉÔòÉÔòÉÔòÉÔòÉÔòÉÔòÉÔòÉÔòÉÔòÉÔòÉÔòÉÔòÉÔòÉÔòÉÔòÉÔòÉÔòÉÔòÉÔòÉÔòÉÔòÉÔòÉÔòÉÔòÉÔòÉÔòÉÔòÉÔòÉÔòÉÔòÉÔòÉÔòÉÔòÉÔòÉÔòÉÔòÉÔòÉÔòÉÔòÉÔòÉÔòÉÔòÉÔòÉÔòÉÔòÉÔòÉÔòÉÔòÉÔòÉÔòÉÔòÉÔòÉÔòÉÔòÉÔòÉÔòÉÔòÉÔòÉÔòÉÔòÉÔòÉÔòÉÔòÉÔòÉÔòÉÔòÉÔòÉÔòÉÔòÉÔòÉÔòÉÔòÉÔòÉÔòÉÔòÉÔòÉ
00:00 +0 -9: JoinSection shows error snackbar for Generic Error [E]
  Test failed. See exception logs above.
  The test description was: shows error snackbar for Generic Error
  
00:00 +0 -9: Some tests failed.
